main.c:91:6:HAL_UART_RxCpltCallback	16	static
main.c:101:6:resetCommand	8	static
main.c:106:6:resetBuffer	8	static
main.c:111:6:command_parser_fsm	8	static
main.c:137:6:checkCommand	8	static
main.c:158:6:uart_communication_fsm	8	static
main.c:189:6:run_command_parser	8	static
main.c:195:6:toggleLED	8	static
main.c:207:5:main	8	static
main.c:260:6:SystemClock_Config	88	static
main.c:303:13:MX_ADC1_Init	24	static
main.c:348:13:MX_TIM2_Init	32	static
main.c:393:13:MX_USART2_UART_Init	8	static
main.c:426:13:MX_GPIO_Init	32	static
main.c:446:6:HAL_TIM_PeriodElapsedCallback	16	static
main.c:455:6:Error_Handler	4	static,ignoring_inline_asm
